........................................s............................... [  4%]
........................................................................ [  8%]
........................................................................ [ 12%]
........................................................................ [ 16%]
........................................................................ [ 20%]
........................................................................ [ 24%]
........................................................................ [ 28%]
........................................................................ [ 32%]
........................................................................ [ 36%]
........................................................................ [ 40%]
........................................................................ [ 44%]
........................................................................ [ 48%]
........................................................................ [ 52%]
........................................................................ [ 56%]
........................................................................ [ 60%]
........................................................................ [ 65%]
........................................................................ [ 69%]
........................................................................ [ 73%]
........................................................................ [ 77%]
........................................................................ [ 81%]
........................................................................ [ 85%]
........................................................................ [ 89%]
........................................................................ [ 93%]
........................................................................ [ 97%]
...........................................                              [100%]
=========================== short test summary info ============================
SKIPPED [1] tests/unit/dags/test_fbref_bronze_acceptance_dags.py:173: Airflow not installed
1770 passed, 1 skipped in 51.95s
